
admin@admin-PC MINGW64 ~/Desktop/app
$ git init
Initialized empty Git repository in C:/Users/admin/Desktop/app/.git/

admin@admin-PC MINGW64 ~/Desktop/app (master)
$ git config --global user.name 'mohabdelfattah'

admin@admin-PC MINGW64 ~/Desktop/app (master)
$ git config --global user.email 'mohamedfeza@hotmail.com'

admin@admin-PC MINGW64 ~/Desktop/app (master)
$ git status
On branch master

No commits yet

Untracked files:
  (use "git add <file>..." to include in what will be committed)

        Distributed_Git.txt
        Getting_Started.txt
        Git_Branching.txt

nothing added to commit but untracked files present (use "git add" to track)

admin@admin-PC MINGW64 ~/Desktop/app (master)
$ git add .

admin@admin-PC MINGW64 ~/Desktop/app (master)
$ git rm --cached Git_Branching.txt
rm 'Git_Branching.txt'

admin@admin-PC MINGW64 ~/Desktop/app (master)
$ git status
On branch master

No commits yet

Changes to be committed:
  (use "git rm --cached <file>..." to unstage)

        new file:   Distributed_Git.txt
        new file:   Getting_Started.txt

Untracked files:
  (use "git add <file>..." to include in what will be committed)

        Git_Branching.txt


admin@admin-PC MINGW64 ~/Desktop/app (master)
$ git add Git_Branching.txt

admin@admin-PC MINGW64 ~/Desktop/app (master)
$ git status
On branch master

No commits yet

Changes to be committed:
  (use "git rm --cached <file>..." to unstage)

        new file:   Distributed_Git.txt
        new file:   Getting_Started.txt
        new file:   Git_Branching.txt

admin@admin-PC MINGW64 ~/Desktop/app (master)
$ git commit
[master (root-commit) 1f43429] first we initiated the repository, the added the 3 files, then we deleted the Git_Branching file, the we added it again Initial commit
 3 files changed, 187 insertions(+)
 create mode 100644 Distributed_Git.txt
 create mode 100644 Getting_Started.txt
 create mode 100644 Git_Branching.txt

admin@admin-PC MINGW64 ~/Desktop/app (master)
$ git status
On branch master
nothing to commit, working tree clean

admin@admin-PC MINGW64 ~/Desktop/app (master)
$ git remote

admin@admin-PC MINGW64 ~/Desktop/app (master)
$ git remote add origin https://github.com/mohabdelfattah/trial1.git

admin@admin-PC MINGW64 ~/Desktop/app (master)
$ git remote
origin

admin@admin-PC MINGW64 ~/Desktop/app (master)
$ git push -u origin master
Counting objects: 5, done.
Delta compression using up to 4 threads.
Compressing objects: 100% (5/5), done.
Writing objects: 100% (5/5), 8.03 KiB | 1.34 MiB/s, done.
Total 5 (delta 0), reused 0 (delta 0)
To https://github.com/mohabdelfattah/trial1.git
 * [new branch]      master -> master
Branch 'master' set up to track remote branch 'master' from 'origin'.
admin@admin-PC MINGW64 ~/Desktop/app (master)
$ touch README.md

admin@admin-PC MINGW64 ~/Desktop/app (master)
$ git branch ReadMe

admin@admin-PC MINGW64 ~/Desktop/app (master)
$ git status
On branch master
Your branch is up to date with 'origin/master'.

Untracked files:
  (use "git add <file>..." to include in what will be committed)

        README.md

nothing added to commit but untracked files present (use "git add" to track)

admin@admin-PC MINGW64 ~/Desktop/app (master)
$ checkout ReadMe
bash: checkout: command not found

admin@admin-PC MINGW64 ~/Desktop/app (master)
$ git checkout ReadMe
Switched to branch 'ReadMe'

admin@admin-PC MINGW64 ~/Desktop/app (ReadMe)
$ git add .

admin@admin-PC MINGW64 ~/Desktop/app (ReadMe)
$ git status
On branch ReadMe
Changes to be committed:
  (use "git reset HEAD <file>..." to unstage)

        new file:   README.md


admin@admin-PC MINGW64 ~/Desktop/app (ReadMe)
$ git commit
[ReadMe 3b27cc8] made a new branch called ReadMe and added README.md file
 1 file changed, 5 insertions(+)
 create mode 100644 README.md

admin@admin-PC MINGW64 ~/Desktop/app (ReadMe)
$ git checkout master
Switched to branch 'master'
Your branch is up to date with 'origin/master'.

admin@admin-PC MINGW64 ~/Desktop/app (master)
$ git merge ReadMe
